==== size=1024 ====
[FP32 cublas]      GFLOPS=16552.11
[FP32 double_buf]  GFLOPS=8507.72
[BF16 cublas]      GFLOPS=110376.42
[WMMA tc_03_pipe]  GFLOPS=18420.31
==== size=2048 ====
[FP32 cublas]      GFLOPS=14355.45
[FP32 double_buf]  GFLOPS=12250.61
[BF16 cublas]      GFLOPS=124367.79
[WMMA tc_03_pipe]  GFLOPS=31999.27
==== size=4096 ====
[FP32 cublas]      GFLOPS=15417.40
[FP32 double_buf]  GFLOPS=17057.38
[BF16 cublas]      GFLOPS=264468.42
[WMMA tc_03_pipe]  GFLOPS=34853.15
==== size=8192 ====
[FP32 cublas]      GFLOPS=19140.91
[FP32 double_buf]  GFLOPS=17439.40
[BF16 cublas]      GFLOPS=294595.52
[WMMA tc_03_pipe]  GFLOPS=42986.04
