==== size=1024 ====
[FP32 cublas]     GFLOPS=16552.11
[FP32 double_buf] GFLOPS=8504.27
[BF16 cublas]     GFLOPS=110960.42
[WMMA tc_03_pipe] GFLOPS=22782.75
==== size=2048 ====
[FP32 cublas]     GFLOPS=17663.95
[FP32 double_buf] GFLOPS=14998.40
[BF16 cublas]     GFLOPS=153637.51
[WMMA tc_03_pipe] GFLOPS=39503.69
==== size=4096 ====
[FP32 cublas]     GFLOPS=19024.48
[FP32 double_buf] GFLOPS=17060.42
[BF16 cublas]     GFLOPS=264677.03
[WMMA tc_03_pipe] GFLOPS=43045.41
==== size=8192 ====
[FP32 cublas]     GFLOPS=19167.25
[FP32 double_buf] GFLOPS=17439.00
[BF16 cublas]     GFLOPS=294514.73
[WMMA tc_03_pipe] GFLOPS=43476.34
