==== size=1024 ====
[FP32 cublas]     GFLOPS=13366.17
[FP32 double_buf] GFLOPS=6860.16
[BF16 cublas]     GFLOPS=89240.51
[WMMA tc_03_pipe] GFLOPS=18379.95
[mma. tc_06_pipe] GFLOPS=41404.78
==== size=2048 ====
[FP32 cublas]     GFLOPS=14343.18
[FP32 double_buf] GFLOPS=12224.73
[BF16 cublas]     GFLOPS=124183.68
[WMMA tc_03_pipe] GFLOPS=31920.12
[mma. tc_06_pipe] GFLOPS=80005.80
==== size=4096 ====
[FP32 cublas]     GFLOPS=15386.12
[FP32 double_buf] GFLOPS=13868.19
[BF16 cublas]     GFLOPS=242270.28
[WMMA tc_03_pipe] GFLOPS=39403.37
[mma. tc_06_pipe] GFLOPS=150308.22
==== size=8192 ====
[FP32 cublas]     GFLOPS=18704.28
[FP32 double_buf] GFLOPS=17442.37
[BF16 cublas]     GFLOPS=294741.10
[WMMA tc_03_pipe] GFLOPS=42346.41
[mma. tc_06_pipe] GFLOPS=118732.75
