==== size=1024 ====
[FP32 cublas]     GFLOPS=13058.23
[FP32 double_buf] GFLOPS=12150.36
[BF16 cublas]     GFLOPS=56527.01
[WMMA tc_03_pipe] GFLOPS=20098.19
==== size=2048 ====
[FP32 cublas]     GFLOPS=16586.47
[FP32 double_buf] GFLOPS=13863.18
[BF16 cublas]     GFLOPS=80504.87
[WMMA tc_03_pipe] GFLOPS=28883.90
==== size=4096 ====
[FP32 cublas]     GFLOPS=13207.94
[FP32 double_buf] GFLOPS=9207.50
[BF16 cublas]     GFLOPS=83396.13
[WMMA tc_03_pipe] GFLOPS=25521.76
==== size=8192 ====
[FP32 cublas]     GFLOPS=11514.35
[FP32 double_buf] GFLOPS=6476.37
[BF16 cublas]     GFLOPS=66736.81
[WMMA tc_03_pipe] GFLOPS=18772.48
