==== size=1024 ====
[FP32 cublas]      GFLOPS=16552.11
[FP32 double_buf]  GFLOPS=8511.17
[BF16 cublas]      GFLOPS=110960.42
[WMMA tc_03_pipe]  GFLOPS=22745.68
==== size=2048 ====
[FP32 cublas]      GFLOPS=17662.09
[FP32 double_buf]  GFLOPS=15005.11
[BF16 cublas]      GFLOPS=153356.64
[WMMA tc_03_pipe]  GFLOPS=39512.99
==== size=4096 ====
[FP32 cublas]      GFLOPS=19019.36
[FP32 double_buf]  GFLOPS=17062.16
[BF16 cublas]      GFLOPS=264520.54
[WMMA tc_03_pipe]  GFLOPS=43041.95
==== size=8192 ====
[FP32 cublas]      GFLOPS=19164.76
[FP32 double_buf]  GFLOPS=17437.50
[BF16 cublas]      GFLOPS=294611.70
[WMMA tc_03_pipe]  GFLOPS=43486.29
