=== Platform Fingerprint ===
2026-07-01T07:42:43+00:00
--- GPU ---
name, compute_cap, memory.total [MiB], clocks.max.sm [MHz], clocks.max.memory [MHz], power.limit [W]
NVIDIA A10, 8.6, 23028 MiB, 1695 MHz, 6251 MHz, 150.00 W
Wed Jul  1 07:42:43 2026       
+-----------------------------------------------------------------------------------------+
| NVIDIA-SMI 580.95.05              Driver Version: 580.95.05      CUDA Version: 13.0     |
+-----------------------------------------+------------------------+----------------------+
| GPU  Name                 Persistence-M | Bus-Id          Disp.A | Volatile Uncorr. ECC |
| Fan  Temp   Perf          Pwr:Usage/Cap |           Memory-Usage | GPU-Util  Compute M. |
|                                         |                        |               MIG M. |
|=========================================+========================+======================|
|   0  NVIDIA A10                     On  |   00000000:CA:00.0 Off |                    0 |
|  0%   47C    P8             17W /  150W |       0MiB /  23028MiB |      0%      Default |
|                                         |                        |                  N/A |
+-----------------------------------------+------------------------+----------------------+

+-----------------------------------------------------------------------------------------+
| Processes:                                                                              |
--- CUDA ---
Copyright (c) 2005-2024 NVIDIA Corporation
Built on Tue_Oct_29_23:50:19_PDT_2024
Cuda compilation tools, release 12.6, V12.6.85
Build cuda_12.6.r12.6/compiler.35059454_0
--- CPU/MEM ---
CPU(s):              17
Model name:          unknown
               total        used        free      shared  buff/cache   available
Mem:           1.0Ti       165Mi       1.0Ti          0B       114Mi       1.0Ti
--- torch ---
Traceback (most recent call last):
  File "<string>", line 1, in <module>
ModuleNotFoundError: No module named 'torch'
