==== size=1024 ====
[FP32 cublas]     GFLOPS=13264.72
[FP32 double_buf] GFLOPS=11015.54
[BF16 cublas]     GFLOPS=77430.33
[WMMA tc_03_pipe] GFLOPS=24981.43
==== size=2048 ====
[FP32 cublas]     GFLOPS=18295.76
[FP32 double_buf] GFLOPS=14118.67
[BF16 cublas]     GFLOPS=88909.46
[WMMA tc_03_pipe] GFLOPS=27068.76
==== size=4096 ====
[FP32 cublas]     GFLOPS=13747.59
[FP32 double_buf] GFLOPS=11553.26
[BF16 cublas]     GFLOPS=92595.88
[WMMA tc_03_pipe] GFLOPS=25245.54
==== size=8192 ====
[FP32 cublas]     GFLOPS=15301.37
[FP32 double_buf] GFLOPS=9544.65
[BF16 cublas]     GFLOPS=91092.34
[WMMA tc_03_pipe] GFLOPS=23644.84
