==== size=1024 ====
[FP32 cublas]     GFLOPS=16552.11
[FP32 double_buf] GFLOPS=8500.82
[BF16 cublas]     GFLOPS=111550.63
[WMMA tc_03_pipe] GFLOPS=22733.36
[mma. tc_06_pipe] GFLOPS=51463.86
==== size=2048 ====
[FP32 cublas]     GFLOPS=17665.81
[FP32 double_buf] GFLOPS=15011.83
[BF16 cublas]     GFLOPS=153778.33
[WMMA tc_03_pipe] GFLOPS=39526.96
[mma. tc_06_pipe] GFLOPS=99273.47
==== size=4096 ====
[FP32 cublas]     GFLOPS=19040.14
[FP32 double_buf] GFLOPS=17073.01
[BF16 cublas]     GFLOPS=264781.46
[WMMA tc_03_pipe] GFLOPS=43079.26
[mma. tc_06_pipe] GFLOPS=150367.15
==== size=8192 ====
[FP32 cublas]     GFLOPS=19154.98
[FP32 double_buf] GFLOPS=17438.29
[BF16 cublas]     GFLOPS=294749.20
[WMMA tc_03_pipe] GFLOPS=43495.19
[mma. tc_06_pipe] GFLOPS=122948.00
