==== size=1024 ====
[FP32 cublas]     GFLOPS=16552.11
[FP32 double_buf] GFLOPS=8504.27
[BF16 cublas]     GFLOPS=110960.42
[WMMA tc_03_pipe] GFLOPS=22733.36
==== size=2048 ====
[FP32 cublas]     GFLOPS=17662.09
[FP32 double_buf] GFLOPS=14994.38
[BF16 cublas]     GFLOPS=153216.59
[WMMA tc_03_pipe] GFLOPS=39475.80
==== size=4096 ====
[FP32 cublas]     GFLOPS=19015.59
[FP32 double_buf] GFLOPS=17054.78
[BF16 cublas]     GFLOPS=264520.54
[WMMA tc_03_pipe] GFLOPS=43002.65
==== size=8192 ====
[FP32 cublas]     GFLOPS=19179.95
[FP32 double_buf] GFLOPS=17434.67
[BF16 cublas]     GFLOPS=294482.42
[WMMA tc_03_pipe] GFLOPS=43488.94
