==== size=1024 ====
[FP32 cublas]     GFLOPS=21210.13
[FP32 double_buf] GFLOPS=14813.01
[BF16 cublas]     GFLOPS=91528.73
[WMMA tc_03_pipe] GFLOPS=28342.88
==== size=2048 ====
[FP32 cublas]     GFLOPS=22798.23
[FP32 double_buf] GFLOPS=21569.40
[BF16 cublas]     GFLOPS=119874.72
[WMMA tc_03_pipe] GFLOPS=36153.41
==== size=4096 ====
[FP32 cublas]     GFLOPS=28039.85
[FP32 double_buf] GFLOPS=23215.27
[BF16 cublas]     GFLOPS=134111.70
[WMMA tc_03_pipe] GFLOPS=38659.86
==== size=8192 ====
[FP32 cublas]     GFLOPS=29509.85
[FP32 double_buf] GFLOPS=22993.02
[BF16 cublas]     GFLOPS=139806.26
[WMMA tc_03_pipe] GFLOPS=39823.45
