rm -f kernels/cuda_core/*.o kernels/tensor_core/*.o \
      kernels/cuda_core/bench kernels/cuda_core/verify kernels/cuda_core/bench_bf16 kernels/cuda_core/verify_bf16 \
      kernels/tensor_core/bench kernels/tensor_core/verify
nvcc -c kernels/cuda_core/benchmark.cu -o kernels/cuda_core/benchmark.o -arch=sm_80 -I include -O3
nvcc -c kernels/cuda_core/01_naive.cu -o kernels/cuda_core/01_naive.o -arch=sm_80 -I include -O3
nvcc -c kernels/cuda_core/02_smem.cu -o kernels/cuda_core/02_smem.o -arch=sm_80 -I include -O3
nvcc -c kernels/cuda_core/03_blocktiling.cu -o kernels/cuda_core/03_blocktiling.o -arch=sm_80 -I include -O3
nvcc -c kernels/cuda_core/04_2Dblocktiling.cu -o kernels/cuda_core/04_2Dblocktiling.o -arch=sm_80 -I include -O3
nvcc -c kernels/cuda_core/05_vectorized.cu -o kernels/cuda_core/05_vectorized.o -arch=sm_80 -I include -O3
nvcc -c kernels/cuda_core/07_warptile.cu -o kernels/cuda_core/07_warptile.o -arch=sm_80 -I include -O3
nvcc -c kernels/cuda_core/08_warptile_vec.cu -o kernels/cuda_core/08_warptile_vec.o -arch=sm_80 -I include -O3
nvcc -c kernels/cuda_core/09_bankconflict.cu -o kernels/cuda_core/09_bankconflict.o -arch=sm_80 -I include -O3
nvcc -c kernels/cuda_core/10_doublebuffer.cu -o kernels/cuda_core/10_doublebuffer.o -arch=sm_80 -I include -O3
nvcc -c kernels/cuda_core/verify.cu -o kernels/cuda_core/verify.o -arch=sm_80 -I include -O3
nvcc -c kernels/cuda_core/bench_bf16.cu -o kernels/cuda_core/bench_bf16.o -arch=sm_80 -I include -O3
nvcc -c kernels/cuda_core/bf16_cudacore.cu -o kernels/cuda_core/bf16_cudacore.o -arch=sm_80 -I include -O3
nvcc -c kernels/cuda_core/verify_bf16.cu -o kernels/cuda_core/verify_bf16.o -arch=sm_80 -I include -O3
nvcc kernels/cuda_core/verify.o kernels/cuda_core/01_naive.o kernels/cuda_core/02_smem.o kernels/cuda_core/03_blocktiling.o kernels/cuda_core/04_2Dblocktiling.o kernels/cuda_core/05_vectorized.o kernels/cuda_core/07_warptile.o kernels/cuda_core/08_warptile_vec.o kernels/cuda_core/09_bankconflict.o kernels/cuda_core/10_doublebuffer.o -o kernels/cuda_core/verify -arch=sm_80 -I include -O3 -lcublas
nvcc kernels/cuda_core/benchmark.o kernels/cuda_core/01_naive.o kernels/cuda_core/02_smem.o kernels/cuda_core/03_blocktiling.o kernels/cuda_core/04_2Dblocktiling.o kernels/cuda_core/05_vectorized.o kernels/cuda_core/07_warptile.o kernels/cuda_core/08_warptile_vec.o kernels/cuda_core/09_bankconflict.o kernels/cuda_core/10_doublebuffer.o -o kernels/cuda_core/bench -arch=sm_80 -I include -O3 -lcublas
nvcc kernels/cuda_core/bench_bf16.o kernels/cuda_core/bf16_cudacore.o -o kernels/cuda_core/bench_bf16 -arch=sm_80 -I include -O3 -lcublas
nvcc kernels/cuda_core/verify_bf16.o kernels/cuda_core/bf16_cudacore.o -o kernels/cuda_core/verify_bf16 -arch=sm_80 -I include -O3 -lcublas
nvcc -c kernels/tensor_core/bench.cu -o kernels/tensor_core/bench.o -arch=sm_80 -I include -O3 -DNO_HOPPER
nvcc -c kernels/tensor_core/tc_01_wmma_naive.cu -o kernels/tensor_core/tc_01_wmma_naive.o -arch=sm_80 -I include -O3 -DNO_HOPPER
nvcc -c kernels/tensor_core/tc_02_wmma_smem.cu -o kernels/tensor_core/tc_02_wmma_smem.o -arch=sm_80 -I include -O3 -DNO_HOPPER
nvcc -c kernels/tensor_core/tc_03_wmma_pipe.cu -o kernels/tensor_core/tc_03_wmma_pipe.o -arch=sm_80 -I include -O3 -DNO_HOPPER
nvcc -c kernels/tensor_core/verify.cu -o kernels/tensor_core/verify.o -arch=sm_80 -I include -O3 -DNO_HOPPER
nvcc kernels/tensor_core/bench.o kernels/tensor_core/tc_01_wmma_naive.o kernels/tensor_core/tc_02_wmma_smem.o kernels/tensor_core/tc_03_wmma_pipe.o -o kernels/tensor_core/bench -arch=sm_80 -I include -O3 -lcublas
nvcc kernels/tensor_core/verify.o kernels/tensor_core/tc_01_wmma_naive.o kernels/tensor_core/tc_02_wmma_smem.o kernels/tensor_core/tc_03_wmma_pipe.o -o kernels/tensor_core/verify -arch=sm_80 -I include -O3 -lcublas
