==== size=1024 ====
[FP32 cublas]     GFLOPS=16526.02
[FP32 double_buf] GFLOPS=8514.63
[BF16 cublas]     GFLOPS=110960.42
[WMMA tc_03_pipe] GFLOPS=18396.07
==== size=2048 ====
[FP32 cublas]     GFLOPS=14354.22
[FP32 double_buf] GFLOPS=12238.10
[BF16 cublas]     GFLOPS=124367.79
[WMMA tc_03_pipe] GFLOPS=31990.12
==== size=4096 ====
[FP32 cublas]     GFLOPS=15416.16
[FP32 double_buf] GFLOPS=17061.29
[BF16 cublas]     GFLOPS=264677.03
[WMMA tc_03_pipe] GFLOPS=34851.79
==== size=8192 ====
[FP32 cublas]     GFLOPS=19170.16
[FP32 double_buf] GFLOPS=17436.90
[BF16 cublas]     GFLOPS=294458.20
[WMMA tc_03_pipe] GFLOPS=41102.61
