rm -rf /data/env/workspace/0629/CUDA_GEMM/result/20260701_065155_both/default/build
rm -f kernels/cuda_core/*.o kernels/tensor_core/*.o \
      kernels/cuda_core/bench kernels/cuda_core/verify kernels/cuda_core/bench_bf16 kernels/cuda_core/verify_bf16 \
      kernels/tensor_core/bench kernels/tensor_core/verify
mkdir -p /data/env/workspace/0629/CUDA_GEMM/result/20260701_065155_both/default/build/cuda_core
nvcc -c kernels/cuda_core/benchmark.cu -o /data/env/workspace/0629/CUDA_GEMM/result/20260701_065155_both/default/build/cuda_core/benchmark.o -arch=sm_80 -I include -O3
nvcc -c kernels/cuda_core/01_naive.cu -o /data/env/workspace/0629/CUDA_GEMM/result/20260701_065155_both/default/build/cuda_core/01_naive.o -arch=sm_80 -I include -O3
nvcc -c kernels/cuda_core/02_smem.cu -o /data/env/workspace/0629/CUDA_GEMM/result/20260701_065155_both/default/build/cuda_core/02_smem.o -arch=sm_80 -I include -O3
nvcc -c kernels/cuda_core/03_blocktiling.cu -o /data/env/workspace/0629/CUDA_GEMM/result/20260701_065155_both/default/build/cuda_core/03_blocktiling.o -arch=sm_80 -I include -O3
nvcc -c kernels/cuda_core/04_2Dblocktiling.cu -o /data/env/workspace/0629/CUDA_GEMM/result/20260701_065155_both/default/build/cuda_core/04_2Dblocktiling.o -arch=sm_80 -I include -O3
nvcc -c kernels/cuda_core/05_vectorized.cu -o /data/env/workspace/0629/CUDA_GEMM/result/20260701_065155_both/default/build/cuda_core/05_vectorized.o -arch=sm_80 -I include -O3
nvcc -c kernels/cuda_core/07_warptile.cu -o /data/env/workspace/0629/CUDA_GEMM/result/20260701_065155_both/default/build/cuda_core/07_warptile.o -arch=sm_80 -I include -O3
nvcc -c kernels/cuda_core/08_warptile_vec.cu -o /data/env/workspace/0629/CUDA_GEMM/result/20260701_065155_both/default/build/cuda_core/08_warptile_vec.o -arch=sm_80 -I include -O3
nvcc -c kernels/cuda_core/09_bankconflict.cu -o /data/env/workspace/0629/CUDA_GEMM/result/20260701_065155_both/default/build/cuda_core/09_bankconflict.o -arch=sm_80 -I include -O3
nvcc -c kernels/cuda_core/10_doublebuffer.cu -o /data/env/workspace/0629/CUDA_GEMM/result/20260701_065155_both/default/build/cuda_core/10_doublebuffer.o -arch=sm_80 -I include -O3
nvcc -c kernels/cuda_core/verify.cu -o /data/env/workspace/0629/CUDA_GEMM/result/20260701_065155_both/default/build/cuda_core/verify.o -arch=sm_80 -I include -O3
nvcc -c kernels/cuda_core/bench_bf16.cu -o /data/env/workspace/0629/CUDA_GEMM/result/20260701_065155_both/default/build/cuda_core/bench_bf16.o -arch=sm_80 -I include -O3
nvcc -c kernels/cuda_core/bf16_cudacore.cu -o /data/env/workspace/0629/CUDA_GEMM/result/20260701_065155_both/default/build/cuda_core/bf16_cudacore.o -arch=sm_80 -I include -O3
nvcc -c kernels/cuda_core/verify_bf16.cu -o /data/env/workspace/0629/CUDA_GEMM/result/20260701_065155_both/default/build/cuda_core/verify_bf16.o -arch=sm_80 -I include -O3
nvcc /data/env/workspace/0629/CUDA_GEMM/result/20260701_065155_both/default/build/cuda_core/verify.o /data/env/workspace/0629/CUDA_GEMM/result/20260701_065155_both/default/build/cuda_core/01_naive.o /data/env/workspace/0629/CUDA_GEMM/result/20260701_065155_both/default/build/cuda_core/02_smem.o /data/env/workspace/0629/CUDA_GEMM/result/20260701_065155_both/default/build/cuda_core/03_blocktiling.o /data/env/workspace/0629/CUDA_GEMM/result/20260701_065155_both/default/build/cuda_core/04_2Dblocktiling.o /data/env/workspace/0629/CUDA_GEMM/result/20260701_065155_both/default/build/cuda_core/05_vectorized.o /data/env/workspace/0629/CUDA_GEMM/result/20260701_065155_both/default/build/cuda_core/07_warptile.o /data/env/workspace/0629/CUDA_GEMM/result/20260701_065155_both/default/build/cuda_core/08_warptile_vec.o /data/env/workspace/0629/CUDA_GEMM/result/20260701_065155_both/default/build/cuda_core/09_bankconflict.o /data/env/workspace/0629/CUDA_GEMM/result/20260701_065155_both/default/build/cuda_core/10_doublebuffer.o -o /data/env/workspace/0629/CUDA_GEMM/result/20260701_065155_both/default/build/cuda_core/verify -arch=sm_80 -I include -O3 -lcublas
nvcc /data/env/workspace/0629/CUDA_GEMM/result/20260701_065155_both/default/build/cuda_core/benchmark.o /data/env/workspace/0629/CUDA_GEMM/result/20260701_065155_both/default/build/cuda_core/01_naive.o /data/env/workspace/0629/CUDA_GEMM/result/20260701_065155_both/default/build/cuda_core/02_smem.o /data/env/workspace/0629/CUDA_GEMM/result/20260701_065155_both/default/build/cuda_core/03_blocktiling.o /data/env/workspace/0629/CUDA_GEMM/result/20260701_065155_both/default/build/cuda_core/04_2Dblocktiling.o /data/env/workspace/0629/CUDA_GEMM/result/20260701_065155_both/default/build/cuda_core/05_vectorized.o /data/env/workspace/0629/CUDA_GEMM/result/20260701_065155_both/default/build/cuda_core/07_warptile.o /data/env/workspace/0629/CUDA_GEMM/result/20260701_065155_both/default/build/cuda_core/08_warptile_vec.o /data/env/workspace/0629/CUDA_GEMM/result/20260701_065155_both/default/build/cuda_core/09_bankconflict.o /data/env/workspace/0629/CUDA_GEMM/result/20260701_065155_both/default/build/cuda_core/10_doublebuffer.o -o /data/env/workspace/0629/CUDA_GEMM/result/20260701_065155_both/default/build/cuda_core/bench -arch=sm_80 -I include -O3 -lcublas
nvcc /data/env/workspace/0629/CUDA_GEMM/result/20260701_065155_both/default/build/cuda_core/bench_bf16.o /data/env/workspace/0629/CUDA_GEMM/result/20260701_065155_both/default/build/cuda_core/bf16_cudacore.o -o /data/env/workspace/0629/CUDA_GEMM/result/20260701_065155_both/default/build/cuda_core/bench_bf16 -arch=sm_80 -I include -O3 -lcublas
nvcc /data/env/workspace/0629/CUDA_GEMM/result/20260701_065155_both/default/build/cuda_core/verify_bf16.o /data/env/workspace/0629/CUDA_GEMM/result/20260701_065155_both/default/build/cuda_core/bf16_cudacore.o -o /data/env/workspace/0629/CUDA_GEMM/result/20260701_065155_both/default/build/cuda_core/verify_bf16 -arch=sm_80 -I include -O3 -lcublas
mkdir -p /data/env/workspace/0629/CUDA_GEMM/result/20260701_065155_both/default/build/tensor_core
nvcc -c kernels/tensor_core/bench.cu -o /data/env/workspace/0629/CUDA_GEMM/result/20260701_065155_both/default/build/tensor_core/bench.o -arch=sm_80 -I include -O3 -DNO_HOPPER
nvcc -c kernels/tensor_core/tc_01_wmma_naive.cu -o /data/env/workspace/0629/CUDA_GEMM/result/20260701_065155_both/default/build/tensor_core/tc_01_wmma_naive.o -arch=sm_80 -I include -O3 -DNO_HOPPER
nvcc -c kernels/tensor_core/tc_02_wmma_smem.cu -o /data/env/workspace/0629/CUDA_GEMM/result/20260701_065155_both/default/build/tensor_core/tc_02_wmma_smem.o -arch=sm_80 -I include -O3 -DNO_HOPPER
nvcc -c kernels/tensor_core/tc_03_wmma_pipe.cu -o /data/env/workspace/0629/CUDA_GEMM/result/20260701_065155_both/default/build/tensor_core/tc_03_wmma_pipe.o -arch=sm_80 -I include -O3 -DNO_HOPPER
nvcc -c kernels/tensor_core/verify.cu -o /data/env/workspace/0629/CUDA_GEMM/result/20260701_065155_both/default/build/tensor_core/verify.o -arch=sm_80 -I include -O3 -DNO_HOPPER
nvcc /data/env/workspace/0629/CUDA_GEMM/result/20260701_065155_both/default/build/tensor_core/bench.o /data/env/workspace/0629/CUDA_GEMM/result/20260701_065155_both/default/build/tensor_core/tc_01_wmma_naive.o /data/env/workspace/0629/CUDA_GEMM/result/20260701_065155_both/default/build/tensor_core/tc_02_wmma_smem.o /data/env/workspace/0629/CUDA_GEMM/result/20260701_065155_both/default/build/tensor_core/tc_03_wmma_pipe.o -o /data/env/workspace/0629/CUDA_GEMM/result/20260701_065155_both/default/build/tensor_core/bench -arch=sm_80 -I include -O3 -lcublas
nvcc /data/env/workspace/0629/CUDA_GEMM/result/20260701_065155_both/default/build/tensor_core/verify.o /data/env/workspace/0629/CUDA_GEMM/result/20260701_065155_both/default/build/tensor_core/tc_01_wmma_naive.o /data/env/workspace/0629/CUDA_GEMM/result/20260701_065155_both/default/build/tensor_core/tc_02_wmma_smem.o /data/env/workspace/0629/CUDA_GEMM/result/20260701_065155_both/default/build/tensor_core/tc_03_wmma_pipe.o -o /data/env/workspace/0629/CUDA_GEMM/result/20260701_065155_both/default/build/tensor_core/verify -arch=sm_80 -I include -O3 -lcublas
