==== size=1024 ====
[FP32 cublas]     GFLOPS=16565.18
[FP32 double_buf] GFLOPS=8500.82
[BF16 cublas]     GFLOPS=109798.53
[WMMA tc_03_pipe] GFLOPS=18404.14
==== size=2048 ====
[FP32 cublas]     GFLOPS=17121.36
[FP32 double_buf] GFLOPS=14553.45
[BF16 cublas]     GFLOPS=148734.18
[WMMA tc_03_pipe] GFLOPS=31996.21
==== size=4096 ====
[FP32 cublas]     GFLOPS=15416.87
[FP32 double_buf] GFLOPS=14253.16
[BF16 cublas]     GFLOPS=250593.22
[WMMA tc_03_pipe] GFLOPS=40798.76
==== size=8192 ====
[FP32 cublas]     GFLOPS=19144.87
[FP32 double_buf] GFLOPS=17439.11
[BF16 cublas]     GFLOPS=294482.42
[WMMA tc_03_pipe] GFLOPS=42183.45
