rm -rf /shard_data/brooksli/workspace/0625/CUDA_MATMUAL/result/20260701_150344_both/default/build
rm -f kernels/cuda_core/*.o kernels/tensor_core/*.o \
      kernels/cuda_core/bench kernels/cuda_core/verify kernels/cuda_core/bench_bf16 kernels/cuda_core/verify_bf16 \
      kernels/tensor_core/bench kernels/tensor_core/verify
mkdir -p /shard_data/brooksli/workspace/0625/CUDA_MATMUAL/result/20260701_150344_both/default/build/cuda_core
nvcc -c kernels/cuda_core/benchmark.cu -o /shard_data/brooksli/workspace/0625/CUDA_MATMUAL/result/20260701_150344_both/default/build/cuda_core/benchmark.o -arch=sm_90a -I include -O3
nvcc -c kernels/cuda_core/01_naive.cu -o /shard_data/brooksli/workspace/0625/CUDA_MATMUAL/result/20260701_150344_both/default/build/cuda_core/01_naive.o -arch=sm_90a -I include -O3
nvcc -c kernels/cuda_core/02_smem.cu -o /shard_data/brooksli/workspace/0625/CUDA_MATMUAL/result/20260701_150344_both/default/build/cuda_core/02_smem.o -arch=sm_90a -I include -O3
nvcc -c kernels/cuda_core/03_blocktiling.cu -o /shard_data/brooksli/workspace/0625/CUDA_MATMUAL/result/20260701_150344_both/default/build/cuda_core/03_blocktiling.o -arch=sm_90a -I include -O3
nvcc -c kernels/cuda_core/04_2Dblocktiling.cu -o /shard_data/brooksli/workspace/0625/CUDA_MATMUAL/result/20260701_150344_both/default/build/cuda_core/04_2Dblocktiling.o -arch=sm_90a -I include -O3
nvcc -c kernels/cuda_core/05_vectorized.cu -o /shard_data/brooksli/workspace/0625/CUDA_MATMUAL/result/20260701_150344_both/default/build/cuda_core/05_vectorized.o -arch=sm_90a -I include -O3
nvcc -c kernels/cuda_core/07_warptile.cu -o /shard_data/brooksli/workspace/0625/CUDA_MATMUAL/result/20260701_150344_both/default/build/cuda_core/07_warptile.o -arch=sm_90a -I include -O3
nvcc -c kernels/cuda_core/08_warptile_vec.cu -o /shard_data/brooksli/workspace/0625/CUDA_MATMUAL/result/20260701_150344_both/default/build/cuda_core/08_warptile_vec.o -arch=sm_90a -I include -O3
nvcc -c kernels/cuda_core/09_bankconflict.cu -o /shard_data/brooksli/workspace/0625/CUDA_MATMUAL/result/20260701_150344_both/default/build/cuda_core/09_bankconflict.o -arch=sm_90a -I include -O3
nvcc -c kernels/cuda_core/10_doublebuffer.cu -o /shard_data/brooksli/workspace/0625/CUDA_MATMUAL/result/20260701_150344_both/default/build/cuda_core/10_doublebuffer.o -arch=sm_90a -I include -O3
nvcc -c kernels/cuda_core/verify.cu -o /shard_data/brooksli/workspace/0625/CUDA_MATMUAL/result/20260701_150344_both/default/build/cuda_core/verify.o -arch=sm_90a -I include -O3
nvcc -c kernels/cuda_core/bench_bf16.cu -o /shard_data/brooksli/workspace/0625/CUDA_MATMUAL/result/20260701_150344_both/default/build/cuda_core/bench_bf16.o -arch=sm_90a -I include -O3
nvcc -c kernels/cuda_core/bf16_cudacore.cu -o /shard_data/brooksli/workspace/0625/CUDA_MATMUAL/result/20260701_150344_both/default/build/cuda_core/bf16_cudacore.o -arch=sm_90a -I include -O3
nvcc -c kernels/cuda_core/verify_bf16.cu -o /shard_data/brooksli/workspace/0625/CUDA_MATMUAL/result/20260701_150344_both/default/build/cuda_core/verify_bf16.o -arch=sm_90a -I include -O3
nvcc /shard_data/brooksli/workspace/0625/CUDA_MATMUAL/result/20260701_150344_both/default/build/cuda_core/verify.o /shard_data/brooksli/workspace/0625/CUDA_MATMUAL/result/20260701_150344_both/default/build/cuda_core/01_naive.o /shard_data/brooksli/workspace/0625/CUDA_MATMUAL/result/20260701_150344_both/default/build/cuda_core/02_smem.o /shard_data/brooksli/workspace/0625/CUDA_MATMUAL/result/20260701_150344_both/default/build/cuda_core/03_blocktiling.o /shard_data/brooksli/workspace/0625/CUDA_MATMUAL/result/20260701_150344_both/default/build/cuda_core/04_2Dblocktiling.o /shard_data/brooksli/workspace/0625/CUDA_MATMUAL/result/20260701_150344_both/default/build/cuda_core/05_vectorized.o /shard_data/brooksli/workspace/0625/CUDA_MATMUAL/result/20260701_150344_both/default/build/cuda_core/07_warptile.o /shard_data/brooksli/workspace/0625/CUDA_MATMUAL/result/20260701_150344_both/default/build/cuda_core/08_warptile_vec.o /shard_data/brooksli/workspace/0625/CUDA_MATMUAL/result/20260701_150344_both/default/build/cuda_core/09_bankconflict.o /shard_data/brooksli/workspace/0625/CUDA_MATMUAL/result/20260701_150344_both/default/build/cuda_core/10_doublebuffer.o -o /shard_data/brooksli/workspace/0625/CUDA_MATMUAL/result/20260701_150344_both/default/build/cuda_core/verify -arch=sm_90a -I include -O3 -lcublas
nvcc /shard_data/brooksli/workspace/0625/CUDA_MATMUAL/result/20260701_150344_both/default/build/cuda_core/benchmark.o /shard_data/brooksli/workspace/0625/CUDA_MATMUAL/result/20260701_150344_both/default/build/cuda_core/01_naive.o /shard_data/brooksli/workspace/0625/CUDA_MATMUAL/result/20260701_150344_both/default/build/cuda_core/02_smem.o /shard_data/brooksli/workspace/0625/CUDA_MATMUAL/result/20260701_150344_both/default/build/cuda_core/03_blocktiling.o /shard_data/brooksli/workspace/0625/CUDA_MATMUAL/result/20260701_150344_both/default/build/cuda_core/04_2Dblocktiling.o /shard_data/brooksli/workspace/0625/CUDA_MATMUAL/result/20260701_150344_both/default/build/cuda_core/05_vectorized.o /shard_data/brooksli/workspace/0625/CUDA_MATMUAL/result/20260701_150344_both/default/build/cuda_core/07_warptile.o /shard_data/brooksli/workspace/0625/CUDA_MATMUAL/result/20260701_150344_both/default/build/cuda_core/08_warptile_vec.o /shard_data/brooksli/workspace/0625/CUDA_MATMUAL/result/20260701_150344_both/default/build/cuda_core/09_bankconflict.o /shard_data/brooksli/workspace/0625/CUDA_MATMUAL/result/20260701_150344_both/default/build/cuda_core/10_doublebuffer.o -o /shard_data/brooksli/workspace/0625/CUDA_MATMUAL/result/20260701_150344_both/default/build/cuda_core/bench -arch=sm_90a -I include -O3 -lcublas
nvcc /shard_data/brooksli/workspace/0625/CUDA_MATMUAL/result/20260701_150344_both/default/build/cuda_core/bench_bf16.o /shard_data/brooksli/workspace/0625/CUDA_MATMUAL/result/20260701_150344_both/default/build/cuda_core/bf16_cudacore.o -o /shard_data/brooksli/workspace/0625/CUDA_MATMUAL/result/20260701_150344_both/default/build/cuda_core/bench_bf16 -arch=sm_90a -I include -O3 -lcublas
nvcc /shard_data/brooksli/workspace/0625/CUDA_MATMUAL/result/20260701_150344_both/default/build/cuda_core/verify_bf16.o /shard_data/brooksli/workspace/0625/CUDA_MATMUAL/result/20260701_150344_both/default/build/cuda_core/bf16_cudacore.o -o /shard_data/brooksli/workspace/0625/CUDA_MATMUAL/result/20260701_150344_both/default/build/cuda_core/verify_bf16 -arch=sm_90a -I include -O3 -lcublas
mkdir -p /shard_data/brooksli/workspace/0625/CUDA_MATMUAL/result/20260701_150344_both/default/build/tensor_core
nvcc -c kernels/tensor_core/bench.cu -o /shard_data/brooksli/workspace/0625/CUDA_MATMUAL/result/20260701_150344_both/default/build/tensor_core/bench.o -arch=sm_90a -I include -O3 
nvcc -c kernels/tensor_core/tc_01_wmma_naive.cu -o /shard_data/brooksli/workspace/0625/CUDA_MATMUAL/result/20260701_150344_both/default/build/tensor_core/tc_01_wmma_naive.o -arch=sm_90a -I include -O3 
nvcc -c kernels/tensor_core/tc_02_wmma_smem.cu -o /shard_data/brooksli/workspace/0625/CUDA_MATMUAL/result/20260701_150344_both/default/build/tensor_core/tc_02_wmma_smem.o -arch=sm_90a -I include -O3 
nvcc -c kernels/tensor_core/tc_03_wmma_pipe.cu -o /shard_data/brooksli/workspace/0625/CUDA_MATMUAL/result/20260701_150344_both/default/build/tensor_core/tc_03_wmma_pipe.o -arch=sm_90a -I include -O3 
nvcc -c kernels/tensor_core/tc_04_wgmma_tma_ws.cu -o /shard_data/brooksli/workspace/0625/CUDA_MATMUAL/result/20260701_150344_both/default/build/tensor_core/tc_04_wgmma_tma_ws.o -arch=sm_90a -I include -O3 
nvcc -c kernels/tensor_core/tc_05_wgmma_fp8.cu -o /shard_data/brooksli/workspace/0625/CUDA_MATMUAL/result/20260701_150344_both/default/build/tensor_core/tc_05_wgmma_fp8.o -arch=sm_90a -I include -O3 
nvcc -c kernels/tensor_core/verify.cu -o /shard_data/brooksli/workspace/0625/CUDA_MATMUAL/result/20260701_150344_both/default/build/tensor_core/verify.o -arch=sm_90a -I include -O3 
nvcc /shard_data/brooksli/workspace/0625/CUDA_MATMUAL/result/20260701_150344_both/default/build/tensor_core/bench.o /shard_data/brooksli/workspace/0625/CUDA_MATMUAL/result/20260701_150344_both/default/build/tensor_core/tc_01_wmma_naive.o /shard_data/brooksli/workspace/0625/CUDA_MATMUAL/result/20260701_150344_both/default/build/tensor_core/tc_02_wmma_smem.o /shard_data/brooksli/workspace/0625/CUDA_MATMUAL/result/20260701_150344_both/default/build/tensor_core/tc_03_wmma_pipe.o /shard_data/brooksli/workspace/0625/CUDA_MATMUAL/result/20260701_150344_both/default/build/tensor_core/tc_04_wgmma_tma_ws.o /shard_data/brooksli/workspace/0625/CUDA_MATMUAL/result/20260701_150344_both/default/build/tensor_core/tc_05_wgmma_fp8.o -o /shard_data/brooksli/workspace/0625/CUDA_MATMUAL/result/20260701_150344_both/default/build/tensor_core/bench -arch=sm_90a -I include -O3 -lcublas -lcuda   
nvcc /shard_data/brooksli/workspace/0625/CUDA_MATMUAL/result/20260701_150344_both/default/build/tensor_core/verify.o /shard_data/brooksli/workspace/0625/CUDA_MATMUAL/result/20260701_150344_both/default/build/tensor_core/tc_01_wmma_naive.o /shard_data/brooksli/workspace/0625/CUDA_MATMUAL/result/20260701_150344_both/default/build/tensor_core/tc_02_wmma_smem.o /shard_data/brooksli/workspace/0625/CUDA_MATMUAL/result/20260701_150344_both/default/build/tensor_core/tc_03_wmma_pipe.o /shard_data/brooksli/workspace/0625/CUDA_MATMUAL/result/20260701_150344_both/default/build/tensor_core/tc_04_wgmma_tma_ws.o /shard_data/brooksli/workspace/0625/CUDA_MATMUAL/result/20260701_150344_both/default/build/tensor_core/tc_05_wgmma_fp8.o -o /shard_data/brooksli/workspace/0625/CUDA_MATMUAL/result/20260701_150344_both/default/build/tensor_core/verify -arch=sm_90a -I include -O3 -lcublas -lcuda   
