==== size=1024 ====
[FP32 cublas]     GFLOPS=22907.96
[FP32 double_buf] GFLOPS=15898.43
[BF16 cublas]     GFLOPS=90370.14
[WMMA tc_03_pipe] GFLOPS=27701.17
==== size=2048 ====
[FP32 cublas]     GFLOPS=24700.64
[FP32 double_buf] GFLOPS=23286.63
[BF16 cublas]     GFLOPS=118449.18
[WMMA tc_03_pipe] GFLOPS=35590.43
==== size=4096 ====
[FP32 cublas]     GFLOPS=30267.46
[FP32 double_buf] GFLOPS=25130.49
[BF16 cublas]     GFLOPS=132041.92
[WMMA tc_03_pipe] GFLOPS=38060.03
==== size=8192 ====
[FP32 cublas]     GFLOPS=31991.15
[FP32 double_buf] GFLOPS=24738.53
[BF16 cublas]     GFLOPS=138085.36
[WMMA tc_03_pipe] GFLOPS=39162.23
